BL51 BANKED LINKER/LOCATER V6.22.4.0                                                    06/05/2023  18:41:44  PAGE 1


BL51 BANKED LINKER/LOCATER V6.22.4.0, INVOKED BY:
D:\STM32\MDK(KEIL)\C51\BIN\BL51.EXE .\Objects\test3.obj TO .\Objects\test3 PRINT (.\Listings\test3.m51) RAMSIZE (256)


INPUT MODULES INCLUDED:
  .\Objects\test3.obj (TEST3)


LINK MAP OF MODULE:  .\Objects\test3 (TEST3)


            TYPE    BASE      LENGTH    RELOCATION   SEGMENT NAME
            -----------------------------------------------------

            * * * * * * *   D A T A   M E M O R Y   * * * * * * *
            REG     0000H     0008H     ABSOLUTE     "REG BANK 0"

            * * * * * * *   C O D E   M E M O R Y   * * * * * * *
            CODE    0000H     0511H     ABSOLUTE     



SYMBOL TABLE OF MODULE:  .\Objects\test3 (TEST3)

  VALUE           TYPE          NAME
  ----------------------------------

  -------         MODULE        TEST3
  B:00D0H.6       SYMBOL        AC
  D:00E0H         SYMBOL        ACC
  B:00C0H.1       SYMBOL        ACK
  B:00C0H.3       SYMBOL        ACKRQ
  B:00E8H.4       SYMBOL        AD0BUSY
  B:00E8H.0       SYMBOL        AD0CM0
  B:00E8H.1       SYMBOL        AD0CM1
  B:00E8H.2       SYMBOL        AD0CM2
  B:00E8H.7       SYMBOL        AD0EN
  B:00E8H.5       SYMBOL        AD0INT
  B:00E8H.6       SYMBOL        AD0TM
  B:00E8H.3       SYMBOL        AD0WINT
  D:00BCH         SYMBOL        ADC0CF
  D:00E8H         SYMBOL        ADC0CN
  D:00C4H         SYMBOL        ADC0GTH
  D:00C3H         SYMBOL        ADC0GTL
  D:00BEH         SYMBOL        ADC0H
  D:00BDH         SYMBOL        ADC0L
  D:00C6H         SYMBOL        ADC0LTH
  D:00C5H         SYMBOL        ADC0LTL
  D:00BAH         SYMBOL        AMX0N
  D:00BBH         SYMBOL        AMX0P
  B:00C0H.2       SYMBOL        ARBLOST
  D:00F0H         SYMBOL        B
  B:00B0H.1       SYMBOL        BEEP
  B:00D8H.0       SYMBOL        CCF0
  B:00D8H.1       SYMBOL        CCF1
  B:00D8H.2       SYMBOL        CCF2
  B:00D8H.3       SYMBOL        CCF3
  B:00D8H.4       SYMBOL        CCF4
BL51 BANKED LINKER/LOCATER V6.22.4.0                                                  06/05/2023  18:41:44  PAGE 2


  B:00D8H.7       SYMBOL        CF
  D:008EH         SYMBOL        CKCON
  D:00A9H         SYMBOL        CLKSEL
  D:009BH         SYMBOL        CPT0CN
  D:009DH         SYMBOL        CPT0MD
  D:009FH         SYMBOL        CPT0MX
  D:009AH         SYMBOL        CPT1CN
  D:009CH         SYMBOL        CPT1MD
  D:009EH         SYMBOL        CPT1MX
  B:00D8H.6       SYMBOL        CR
  B:00D0H.7       SYMBOL        CY
  C:04A3H         SYMBOL        D0_5S
  C:0490H         SYMBOL        D10MS
  C:047DH         SYMBOL        D1MS
  C:04BAH         SYMBOL        D2S
  C:0464H         SYMBOL        DELAY
  C:03F2H         SYMBOL        DIGPRO
  C:043CH         SYMBOL        DISPLAY
  D:0083H         SYMBOL        DPH
  D:0082H         SYMBOL        DPL
  B:00A8H.7       SYMBOL        EA
  D:00E6H         SYMBOL        EIE1
  D:00F6H         SYMBOL        EIP1
  D:00AAH         SYMBOL        EMI0CN
  B:00A8H.4       SYMBOL        ES0
  B:00A8H.6       SYMBOL        ESPI0
  B:00A8H.1       SYMBOL        ET0
  B:00A8H.3       SYMBOL        ET1
  B:00A8H.5       SYMBOL        ET2
  B:00A8H.0       SYMBOL        EX0
  B:00A8H.2       SYMBOL        EX1
  B:00D0H.5       SYMBOL        F0
  B:00D0H.1       SYMBOL        F1
  D:00B5H         SYMBOL        FLACL
  D:00B7H         SYMBOL        FLKEY
  D:00B6H         SYMBOL        FLSCL
  C:03DEH         SYMBOL        FUNC1
  C:03E3H         SYMBOL        FUNC2
  C:03E6H         SYMBOL        FUNC3
  C:03E9H         SYMBOL        FUNC4
  C:03ECH         SYMBOL        FUNC5
  C:03EFH         SYMBOL        FUNC6
  D:00A8H         SYMBOL        IE
  B:0088H.1       SYMBOL        IE0
  B:0088H.3       SYMBOL        IE1
  C:046AH         SYMBOL        INDEL
  C:0501H         SYMBOL        INIT_DEVICE
  C:04FDH         SYMBOL        INTERRUPTS_INIT
  C:0300H         SYMBOL        INTT0
  D:00B8H         SYMBOL        IP
  B:0088H.0       SYMBOL        IT0
  D:00E4H         SYMBOL        IT01CF
  B:0088H.2       SYMBOL        IT1
  C:03F8H         SYMBOL        JMPNUM
  C:03D1H         SYMBOL        JMPTBL
  C:03A6H         SYMBOL        KEXAM
  C:0324H         SYMBOL        KEY1
BL51 BANKED LINKER/LOCATER V6.22.4.0                                                  06/05/2023  18:41:44  PAGE 3


  C:032AH         SYMBOL        KEY2
  C:0387H         SYMBOL        KEY3
  C:0389H         SYMBOL        KEY4
  C:038DH         SYMBOL        KEY5
  C:03C2H         SYMBOL        KEYADR
  C:0314H         SYMBOL        KEYPRO
  C:03C9H         SYMBOL        KEYTBL
  B:0080H.1       SYMBOL        KINT
  C:03C7H         SYMBOL        KYARD1
  B:0080H.0       SYMBOL        LED
  C:042BH         SYMBOL        LIG
  C:0459H         SYMBOL        LIT_LOP
  C:010BH         SYMBOL        LOOP
  C:0430H         SYMBOL        LP_LIG
  C:04A5H         SYMBOL        L_0_5
  C:04BCH         SYMBOL        L_2
  C:0100H         SYMBOL        MAIN
  B:00C0H.7       SYMBOL        MASTER
  B:0098H.5       SYMBOL        MCE0
  B:00F8H.5       SYMBOL        MODF
  C:044EH         SYMBOL        NEWLIT
  B:00F8H.2       SYMBOL        NSSMD0
  B:00F8H.3       SYMBOL        NSSMD1
  C:040DH         SYMBOL        NUM0
  C:0410H         SYMBOL        NUM1
  C:0413H         SYMBOL        NUM2
  C:0416H         SYMBOL        NUM3
  C:0419H         SYMBOL        NUM4
  C:041CH         SYMBOL        NUM5
  C:041FH         SYMBOL        NUM6
  C:0422H         SYMBOL        NUM7
  C:0425H         SYMBOL        NUM8
  C:0428H         SYMBOL        NUM9
  D:00B3H         SYMBOL        OSCICL
  D:00B2H         SYMBOL        OSCICN
  C:04F9H         SYMBOL        OSCILLATOR_INIT
  D:00B1H         SYMBOL        OSCXCN
  B:00D0H.2       SYMBOL        OV
  B:00D0H.0       SYMBOL        P
  D:0080H         SYMBOL        P0
  D:00F1H         SYMBOL        P0MDIN
  D:00A4H         SYMBOL        P0MDOUT
  D:00D4H         SYMBOL        P0SKIP
  D:0090H         SYMBOL        P1
  D:00F2H         SYMBOL        P1MDIN
  D:00A5H         SYMBOL        P1MDOUT
  D:00D5H         SYMBOL        P1SKIP
  D:00A0H         SYMBOL        P2
  D:00F3H         SYMBOL        P2MDIN
  D:00A6H         SYMBOL        P2MDOUT
  D:00D6H         SYMBOL        P2SKIP
  D:00B0H         SYMBOL        P3
  D:00F4H         SYMBOL        P3MDIN
  D:00A7H         SYMBOL        P3MDOUT
  D:00D8H         SYMBOL        PCA0CN
  D:00FCH         SYMBOL        PCA0CPH0
  D:00EAH         SYMBOL        PCA0CPH1
BL51 BANKED LINKER/LOCATER V6.22.4.0                                                  06/05/2023  18:41:44  PAGE 4


  D:00ECH         SYMBOL        PCA0CPH2
  D:00EEH         SYMBOL        PCA0CPH3
  D:00FEH         SYMBOL        PCA0CPH4
  D:00FBH         SYMBOL        PCA0CPL0
  D:00E9H         SYMBOL        PCA0CPL1
  D:00EBH         SYMBOL        PCA0CPL2
  D:00EDH         SYMBOL        PCA0CPL3
  D:00FDH         SYMBOL        PCA0CPL4
  D:00DAH         SYMBOL        PCA0CPM0
  D:00DBH         SYMBOL        PCA0CPM1
  D:00DCH         SYMBOL        PCA0CPM2
  D:00DDH         SYMBOL        PCA0CPM3
  D:00DEH         SYMBOL        PCA0CPM4
  D:00FAH         SYMBOL        PCA0H
  D:00F9H         SYMBOL        PCA0L
  D:00D9H         SYMBOL        PCA0MD
  C:04E7H         SYMBOL        PCA_INIT
  D:0087H         SYMBOL        PCON
  C:04F5H         SYMBOL        PORT_IO_INIT
  B:00B8H.4       SYMBOL        PS0
  D:008FH         SYMBOL        PSCTL
  B:00B8H.6       SYMBOL        PSPI0
  D:00D0H         SYMBOL        PSW
  B:00B8H.1       SYMBOL        PT0
  B:00B8H.3       SYMBOL        PT1
  B:00B8H.5       SYMBOL        PT2
  B:00B8H.0       SYMBOL        PX0
  B:00B8H.2       SYMBOL        PX1
  B:0098H.2       SYMBOL        RB80
  D:00D1H         SYMBOL        REF0CN
  B:0098H.4       SYMBOL        REN0
  B:0098H.0       SYMBOL        RI0
  B:00D0H.3       SYMBOL        RS0
  B:00D0H.4       SYMBOL        RS1
  D:00EFH         SYMBOL        RSTSRC
  B:00F8H.4       SYMBOL        RXOVRN
  B:0098H.7       SYMBOL        S0MODE
  D:0099H         SYMBOL        SBUF0
  D:0098H         SYMBOL        SCON0
  B:00C0H.0       SYMBOL        SI
  D:00C1H         SYMBOL        SMB0CF
  D:00C0H         SYMBOL        SMB0CN
  D:00C2H         SYMBOL        SMB0DAT
  D:0081H         SYMBOL        SP
  D:00A1H         SYMBOL        SPI0CFG
  D:00A2H         SYMBOL        SPI0CKR
  D:00F8H         SYMBOL        SPI0CN
  D:00A3H         SYMBOL        SPI0DAT
  B:00F8H.0       SYMBOL        SPIEN
  B:00F8H.7       SYMBOL        SPIF
  B:00C0H.5       SYMBOL        STA
  B:00C0H.4       SYMBOL        STO
  B:00C8H.3       SYMBOL        T2SPLIT
  B:00C8H.0       SYMBOL        T2XCLK
  C:04D1H         SYMBOL        TABLE1
  C:04D7H         SYMBOL        TABLE2
  C:04DDH         SYMBOL        TABLE3
BL51 BANKED LINKER/LOCATER V6.22.4.0                                                  06/05/2023  18:41:44  PAGE 5


  B:0098H.3       SYMBOL        TB80
  D:0088H         SYMBOL        TCON
  B:0088H.5       SYMBOL        TF0
  B:0088H.7       SYMBOL        TF1
  B:00C8H.7       SYMBOL        TF2H
  B:00C8H.6       SYMBOL        TF2L
  B:00C8H.5       SYMBOL        TF2LEN
  D:008CH         SYMBOL        TH0
  D:008DH         SYMBOL        TH1
  B:0098H.1       SYMBOL        TI0
  C:04EEH         SYMBOL        TIMER_INIT
  D:008AH         SYMBOL        TL0
  D:008BH         SYMBOL        TL1
  D:0089H         SYMBOL        TMOD
  D:00C8H         SYMBOL        TMR2CN
  D:00CDH         SYMBOL        TMR2H
  D:00CCH         SYMBOL        TMR2L
  D:00CBH         SYMBOL        TMR2RLH
  D:00CAH         SYMBOL        TMR2RLL
  D:0091H         SYMBOL        TMR3CN
  D:0095H         SYMBOL        TMR3H
  D:0094H         SYMBOL        TMR3L
  D:0093H         SYMBOL        TMR3RLH
  D:0092H         SYMBOL        TMR3RLL
  B:0088H.4       SYMBOL        TR0
  B:0088H.6       SYMBOL        TR1
  B:00C8H.2       SYMBOL        TR2
  B:00F8H.1       SYMBOL        TXBMT
  B:00C0H.6       SYMBOL        TXMODE
  D:00FFH         SYMBOL        VDM0CN
  B:00F8H.6       SYMBOL        WCOL
  D:00E1H         SYMBOL        XBR0
  D:00E2H         SYMBOL        XBR1
  C:0000H         LINE#         14
  C:0003H         LINE#         16
  C:0100H         LINE#         18
  C:0102H         LINE#         19
  C:0105H         LINE#         20
  C:0107H         LINE#         21
  C:0109H         LINE#         22
  C:010BH         LINE#         28
  C:010DH         LINE#         29
  C:010FH         LINE#         30
  C:0300H         LINE#         35
  C:0302H         LINE#         36
  C:0304H         LINE#         37
  C:0306H         LINE#         38
  C:0308H         LINE#         39
  C:030BH         LINE#         43
  C:030DH         LINE#         44
  C:030FH         LINE#         45
  C:0311H         LINE#         46
  C:0313H         LINE#         47
  C:0314H         LINE#         52
  C:0316H         LINE#         53
  C:0318H         LINE#         54
  C:031AH         LINE#         55
BL51 BANKED LINKER/LOCATER V6.22.4.0                                                  06/05/2023  18:41:44  PAGE 6


  C:031CH         LINE#         56
  C:031EH         LINE#         57
  C:0320H         LINE#         58
  C:0322H         LINE#         59
  C:0324H         LINE#         60
  C:0326H         LINE#         61
  C:0328H         LINE#         62
  C:032AH         LINE#         64
  C:032CH         LINE#         65
  C:032EH         LINE#         66
  C:0330H         LINE#         67
  C:0332H         LINE#         68
  C:0333H         LINE#         69
  C:0334H         LINE#         70
  C:0335H         LINE#         71
  C:0337H         LINE#         72
  C:0339H         LINE#         73
  C:033BH         LINE#         74
  C:033DH         LINE#         75
  C:033FH         LINE#         76
  C:0340H         LINE#         77
  C:0342H         LINE#         78
  C:0343H         LINE#         79
  C:0345H         LINE#         80
  C:0347H         LINE#         81
  C:0349H         LINE#         82
  C:034BH         LINE#         83
  C:034CH         LINE#         84
  C:034DH         LINE#         85
  C:034EH         LINE#         86
  C:0350H         LINE#         87
  C:0352H         LINE#         88
  C:0354H         LINE#         89
  C:0356H         LINE#         90
  C:0358H         LINE#         91
  C:0359H         LINE#         92
  C:035BH         LINE#         93
  C:035CH         LINE#         94
  C:035EH         LINE#         95
  C:0360H         LINE#         96
  C:0362H         LINE#         97
  C:0364H         LINE#         98
  C:0365H         LINE#         99
  C:0366H         LINE#         100
  C:0367H         LINE#         101
  C:0369H         LINE#         102
  C:036BH         LINE#         103
  C:036DH         LINE#         104
  C:036FH         LINE#         105
  C:0371H         LINE#         106
  C:0372H         LINE#         107
  C:0374H         LINE#         108
  C:0375H         LINE#         109
  C:0377H         LINE#         110
  C:0378H         LINE#         111
  C:0379H         LINE#         112
  C:037AH         LINE#         113
BL51 BANKED LINKER/LOCATER V6.22.4.0                                                  06/05/2023  18:41:44  PAGE 7


  C:037CH         LINE#         114
  C:037EH         LINE#         115
  C:0380H         LINE#         116
  C:0382H         LINE#         117
  C:0384H         LINE#         118
  C:0385H         LINE#         119
  C:0387H         LINE#         121
  C:0389H         LINE#         122
  C:038AH         LINE#         123
  C:038BH         LINE#         124
  C:038DH         LINE#         125
  C:038FH         LINE#         126
  C:0391H         LINE#         127
  C:0393H         LINE#         128
  C:0395H         LINE#         129
  C:0397H         LINE#         130
  C:0399H         LINE#         131
  C:039BH         LINE#         132
  C:039DH         LINE#         133
  C:039EH         LINE#         134
  C:039FH         LINE#         135
  C:03A2H         LINE#         136
  C:03A3H         LINE#         137
  C:03A4H         LINE#         138
  C:03A6H         LINE#         140
  C:03A8H         LINE#         141
  C:03AAH         LINE#         142
  C:03ACH         LINE#         143
  C:03AEH         LINE#         144
  C:03AFH         LINE#         145
  C:03B0H         LINE#         146
  C:03B1H         LINE#         147
  C:03B3H         LINE#         148
  C:03B5H         LINE#         149
  C:03B7H         LINE#         150
  C:03B9H         LINE#         151
  C:03BBH         LINE#         152
  C:03BDH         LINE#         153
  C:03BFH         LINE#         154
  C:03C1H         LINE#         155
  C:03C2H         LINE#         160
  C:03C5H         LINE#         161
  C:03C7H         LINE#         162
  C:03C9H         LINE#         163
  C:03CCH         LINE#         164
  C:03CDH         LINE#         165
  C:03CFH         LINE#         166
  C:03D0H         LINE#         167
  C:03D1H         LINE#         168
  C:03D3H         LINE#         169
  C:03D5H         LINE#         170
  C:03D7H         LINE#         171
  C:03D9H         LINE#         172
  C:03DBH         LINE#         173
  C:03DDH         LINE#         174
  C:03DEH         LINE#         177
  C:03E0H         LINE#         178
BL51 BANKED LINKER/LOCATER V6.22.4.0                                                  06/05/2023  18:41:44  PAGE 8


  C:03E2H         LINE#         179
  C:03E3H         LINE#         180
  C:03E5H         LINE#         181
  C:03E6H         LINE#         182
  C:03E8H         LINE#         183
  C:03E9H         LINE#         184
  C:03EBH         LINE#         185
  C:03ECH         LINE#         186
  C:03EEH         LINE#         187
  C:03EFH         LINE#         188
  C:03F1H         LINE#         189
  C:03F2H         LINE#         194
  C:03F5H         LINE#         195
  C:03F6H         LINE#         196
  C:03F7H         LINE#         197
  C:03F8H         LINE#         198
  C:03FAH         LINE#         199
  C:03FCH         LINE#         200
  C:03FEH         LINE#         201
  C:0400H         LINE#         202
  C:0402H         LINE#         203
  C:0404H         LINE#         204
  C:0406H         LINE#         205
  C:0408H         LINE#         206
  C:040AH         LINE#         207
  C:040CH         LINE#         208
  C:040DH         LINE#         210
  C:040FH         LINE#         211
  C:0410H         LINE#         212
  C:0412H         LINE#         213
  C:0413H         LINE#         214
  C:0415H         LINE#         215
  C:0416H         LINE#         216
  C:0418H         LINE#         217
  C:0419H         LINE#         218
  C:041BH         LINE#         219
  C:041CH         LINE#         220
  C:041EH         LINE#         221
  C:041FH         LINE#         222
  C:0421H         LINE#         223
  C:0422H         LINE#         224
  C:0424H         LINE#         225
  C:0425H         LINE#         226
  C:0427H         LINE#         227
  C:0428H         LINE#         228
  C:042AH         LINE#         229
  C:042BH         LINE#         234
  C:042DH         LINE#         235
  C:0430H         LINE#         236
  C:0431H         LINE#         237
  C:0432H         LINE#         238
  C:0434H         LINE#         239
  C:0436H         LINE#         240
  C:0437H         LINE#         241
  C:0439H         LINE#         242
  C:043BH         LINE#         243
  C:043CH         LINE#         246
BL51 BANKED LINKER/LOCATER V6.22.4.0                                                  06/05/2023  18:41:44  PAGE 9


  C:043EH         LINE#         247
  C:0440H         LINE#         248
  C:0441H         LINE#         249
  C:0444H         LINE#         250
  C:0445H         LINE#         251
  C:0447H         LINE#         252
  C:0449H         LINE#         253
  C:044BH         LINE#         254
  C:044DH         LINE#         256
  C:044EH         LINE#         259
  C:0450H         LINE#         260
  C:0453H         LINE#         261
  C:0456H         LINE#         262
  C:0459H         LINE#         264
  C:045AH         LINE#         265
  C:045BH         LINE#         266
  C:045CH         LINE#         271
  C:045EH         LINE#         272
  C:045FH         LINE#         273
  C:0461H         LINE#         274
  C:0463H         LINE#         275
  C:0464H         LINE#         278
  C:0466H         LINE#         279
  C:0468H         LINE#         280
  C:0469H         LINE#         281
  C:046AH         LINE#         283
  C:046CH         LINE#         284
  C:046EH         LINE#         285
  C:0470H         LINE#         286
  C:0472H         LINE#         287
  C:0474H         LINE#         288
  C:0476H         LINE#         289
  C:0478H         LINE#         290
  C:047AH         LINE#         291
  C:047CH         LINE#         292
  C:047DH         LINE#         295
  C:0480H         LINE#         296
  C:0483H         LINE#         297
  C:0486H         LINE#         298
  C:0488H         LINE#         299
  C:048BH         LINE#         300
  C:048DH         LINE#         301
  C:048FH         LINE#         302
  C:0490H         LINE#         304
  C:0493H         LINE#         305
  C:0496H         LINE#         306
  C:0499H         LINE#         307
  C:049BH         LINE#         308
  C:049EH         LINE#         309
  C:04A0H         LINE#         310
  C:04A2H         LINE#         311
  C:04A3H         LINE#         314
  C:04A5H         LINE#         315
  C:04A8H         LINE#         316
  C:04ABH         LINE#         317
  C:04AEH         LINE#         318
  C:04B0H         LINE#         319
BL51 BANKED LINKER/LOCATER V6.22.4.0                                                  06/05/2023  18:41:44  PAGE 10


  C:04B3H         LINE#         320
  C:04B5H         LINE#         321
  C:04B7H         LINE#         322
  C:04B9H         LINE#         323
  C:04BAH         LINE#         326
  C:04BCH         LINE#         327
  C:04BFH         LINE#         330
  C:04C2H         LINE#         331
  C:04C5H         LINE#         332
  C:04C7H         LINE#         333
  C:04CAH         LINE#         334
  C:04CCH         LINE#         335
  C:04CEH         LINE#         336
  C:04D0H         LINE#         337
  C:04E7H         LINE#         348
  C:04EAH         LINE#         349
  C:04EDH         LINE#         350
  C:04EEH         LINE#         353
  C:04F1H         LINE#         354
  C:04F4H         LINE#         355
  C:04F5H         LINE#         380
  C:04F8H         LINE#         381
  C:04F9H         LINE#         384
  C:04FCH         LINE#         385
  C:04FDH         LINE#         388
  C:0500H         LINE#         389
  C:0501H         LINE#         393
  C:0504H         LINE#         394
  C:0507H         LINE#         395
  C:050AH         LINE#         396
  C:050DH         LINE#         397
  C:0510H         LINE#         398
  -------         ENDMOD        TEST3

******************************************************************************
* RESTRICTED VERSION WITH 0800H BYTE CODE SIZE LIMIT; USED: 0228H BYTE (26%) *
******************************************************************************

Program Size: data=8.0 xdata=0 code=1297
LINK/LOCATE RUN COMPLETE.  0 WARNING(S),  0 ERROR(S)
