BL51 BANKED LINKER/LOCATER V6.22.4.0                                                    05/28/2023  17:30:00  PAGE 1


BL51 BANKED LINKER/LOCATER V6.22.4.0, INVOKED BY:
D:\STM32\MDK(KEIL)\C51\BIN\BL51.EXE .\Objects\test3.obj TO .\Objects\test3 PRINT (.\Listings\test3.m51) RAMSIZE (256)


INPUT MODULES INCLUDED:
  .\Objects\test3.obj (TEST3)


LINK MAP OF MODULE:  .\Objects\test3 (TEST3)


            TYPE    BASE      LENGTH    RELOCATION   SEGMENT NAME
            -----------------------------------------------------

            * * * * * * *   D A T A   M E M O R Y   * * * * * * *
            REG     0000H     0008H     ABSOLUTE     "REG BANK 0"

            * * * * * * *   C O D E   M E M O R Y   * * * * * * *
            CODE    0000H     026DH     ABSOLUTE     



SYMBOL TABLE OF MODULE:  .\Objects\test3 (TEST3)

  VALUE           TYPE          NAME
  ----------------------------------

  -------         MODULE        TEST3
  B:00D0H.6       SYMBOL        AC
  D:00E0H         SYMBOL        ACC
  B:00C0H.1       SYMBOL        ACK
  B:00C0H.3       SYMBOL        ACKRQ
  B:00E8H.4       SYMBOL        AD0BUSY
  B:00E8H.0       SYMBOL        AD0CM0
  B:00E8H.1       SYMBOL        AD0CM1
  B:00E8H.2       SYMBOL        AD0CM2
  B:00E8H.7       SYMBOL        AD0EN
  B:00E8H.5       SYMBOL        AD0INT
  B:00E8H.6       SYMBOL        AD0TM
  B:00E8H.3       SYMBOL        AD0WINT
  D:00BCH         SYMBOL        ADC0CF
  D:00E8H         SYMBOL        ADC0CN
  D:00C4H         SYMBOL        ADC0GTH
  D:00C3H         SYMBOL        ADC0GTL
  D:00BEH         SYMBOL        ADC0H
  D:00BDH         SYMBOL        ADC0L
  D:00C6H         SYMBOL        ADC0LTH
  D:00C5H         SYMBOL        ADC0LTL
  D:00BAH         SYMBOL        AMX0N
  D:00BBH         SYMBOL        AMX0P
  B:00C0H.2       SYMBOL        ARBLOST
  D:00F0H         SYMBOL        B
  B:00B0H.1       SYMBOL        BEEP
  B:00D8H.0       SYMBOL        CCF0
  B:00D8H.1       SYMBOL        CCF1
  B:00D8H.2       SYMBOL        CCF2
  B:00D8H.3       SYMBOL        CCF3
  B:00D8H.4       SYMBOL        CCF4
BL51 BANKED LINKER/LOCATER V6.22.4.0                                                  05/28/2023  17:30:00  PAGE 2


  B:00D8H.7       SYMBOL        CF
  D:008EH         SYMBOL        CKCON
  D:00A9H         SYMBOL        CLKSEL
  D:009BH         SYMBOL        CPT0CN
  D:009DH         SYMBOL        CPT0MD
  D:009FH         SYMBOL        CPT0MX
  D:009AH         SYMBOL        CPT1CN
  D:009CH         SYMBOL        CPT1MD
  D:009EH         SYMBOL        CPT1MX
  B:00D8H.6       SYMBOL        CR
  B:00D0H.7       SYMBOL        CY
  C:020FH         SYMBOL        D0_5S
  C:0102H         SYMBOL        D10MS
  C:0226H         SYMBOL        D2S
  D:0083H         SYMBOL        DPH
  D:0082H         SYMBOL        DPL
  B:00A8H.7       SYMBOL        EA
  D:00E6H         SYMBOL        EIE1
  D:00F6H         SYMBOL        EIP1
  D:00AAH         SYMBOL        EMI0CN
  B:00A8H.4       SYMBOL        ES0
  B:00A8H.6       SYMBOL        ESPI0
  B:00A8H.1       SYMBOL        ET0
  B:00A8H.3       SYMBOL        ET1
  B:00A8H.5       SYMBOL        ET2
  B:00A8H.0       SYMBOL        EX0
  B:00A8H.2       SYMBOL        EX1
  B:00D0H.5       SYMBOL        F0
  B:00D0H.1       SYMBOL        F1
  D:00B5H         SYMBOL        FLACL
  D:00B7H         SYMBOL        FLKEY
  D:00B6H         SYMBOL        FLSCL
  D:00A8H         SYMBOL        IE
  B:0088H.1       SYMBOL        IE0
  B:0088H.3       SYMBOL        IE1
  C:025DH         SYMBOL        INIT_DEVICE
  C:0259H         SYMBOL        INTERRUPTS_INIT
  C:0200H         SYMBOL        INTT0
  D:00B8H         SYMBOL        IP
  B:0088H.0       SYMBOL        IT0
  D:00E4H         SYMBOL        IT01CF
  B:0088H.2       SYMBOL        IT1
  B:0080H.1       SYMBOL        KINT
  B:0080H.0       SYMBOL        LED
  C:0211H         SYMBOL        L_0_5
  C:0228H         SYMBOL        L_2
  C:0100H         SYMBOL        MAIN
  B:00C0H.7       SYMBOL        MASTER
  B:0098H.5       SYMBOL        MCE0
  B:00F8H.5       SYMBOL        MODF
  B:00F8H.2       SYMBOL        NSSMD0
  B:00F8H.3       SYMBOL        NSSMD1
  D:00B3H         SYMBOL        OSCICL
  D:00B2H         SYMBOL        OSCICN
  C:0255H         SYMBOL        OSCILLATOR_INIT
  D:00B1H         SYMBOL        OSCXCN
  B:00D0H.2       SYMBOL        OV
BL51 BANKED LINKER/LOCATER V6.22.4.0                                                  05/28/2023  17:30:00  PAGE 3


  B:00D0H.0       SYMBOL        P
  D:0080H         SYMBOL        P0
  D:00F1H         SYMBOL        P0MDIN
  D:00A4H         SYMBOL        P0MDOUT
  D:00D4H         SYMBOL        P0SKIP
  D:0090H         SYMBOL        P1
  D:00F2H         SYMBOL        P1MDIN
  D:00A5H         SYMBOL        P1MDOUT
  D:00D5H         SYMBOL        P1SKIP
  D:00A0H         SYMBOL        P2
  D:00F3H         SYMBOL        P2MDIN
  D:00A6H         SYMBOL        P2MDOUT
  D:00D6H         SYMBOL        P2SKIP
  D:00B0H         SYMBOL        P3
  D:00F4H         SYMBOL        P3MDIN
  D:00A7H         SYMBOL        P3MDOUT
  D:00D8H         SYMBOL        PCA0CN
  D:00FCH         SYMBOL        PCA0CPH0
  D:00EAH         SYMBOL        PCA0CPH1
  D:00ECH         SYMBOL        PCA0CPH2
  D:00EEH         SYMBOL        PCA0CPH3
  D:00FEH         SYMBOL        PCA0CPH4
  D:00FBH         SYMBOL        PCA0CPL0
  D:00E9H         SYMBOL        PCA0CPL1
  D:00EBH         SYMBOL        PCA0CPL2
  D:00EDH         SYMBOL        PCA0CPL3
  D:00FDH         SYMBOL        PCA0CPL4
  D:00DAH         SYMBOL        PCA0CPM0
  D:00DBH         SYMBOL        PCA0CPM1
  D:00DCH         SYMBOL        PCA0CPM2
  D:00DDH         SYMBOL        PCA0CPM3
  D:00DEH         SYMBOL        PCA0CPM4
  D:00FAH         SYMBOL        PCA0H
  D:00F9H         SYMBOL        PCA0L
  D:00D9H         SYMBOL        PCA0MD
  C:0243H         SYMBOL        PCA_INIT
  D:0087H         SYMBOL        PCON
  C:0251H         SYMBOL        PORT_IO_INIT
  B:00B8H.4       SYMBOL        PS0
  D:008FH         SYMBOL        PSCTL
  B:00B8H.6       SYMBOL        PSPI0
  D:00D0H         SYMBOL        PSW
  B:00B8H.1       SYMBOL        PT0
  B:00B8H.3       SYMBOL        PT1
  B:00B8H.5       SYMBOL        PT2
  B:00B8H.0       SYMBOL        PX0
  B:00B8H.2       SYMBOL        PX1
  B:0098H.2       SYMBOL        RB80
  D:00D1H         SYMBOL        REF0CN
  B:0098H.4       SYMBOL        REN0
  B:0098H.0       SYMBOL        RI0
  B:00D0H.3       SYMBOL        RS0
  B:00D0H.4       SYMBOL        RS1
  D:00EFH         SYMBOL        RSTSRC
  B:00F8H.4       SYMBOL        RXOVRN
  B:0098H.7       SYMBOL        S0MODE
  D:0099H         SYMBOL        SBUF0
BL51 BANKED LINKER/LOCATER V6.22.4.0                                                  05/28/2023  17:30:00  PAGE 4


  D:0098H         SYMBOL        SCON0
  B:00C0H.0       SYMBOL        SI
  D:00C1H         SYMBOL        SMB0CF
  D:00C0H         SYMBOL        SMB0CN
  D:00C2H         SYMBOL        SMB0DAT
  D:0081H         SYMBOL        SP
  D:00A1H         SYMBOL        SPI0CFG
  D:00A2H         SYMBOL        SPI0CKR
  D:00F8H         SYMBOL        SPI0CN
  D:00A3H         SYMBOL        SPI0DAT
  B:00F8H.0       SYMBOL        SPIEN
  B:00F8H.7       SYMBOL        SPIF
  B:00C0H.5       SYMBOL        STA
  B:00C0H.4       SYMBOL        STO
  B:00C8H.3       SYMBOL        T2SPLIT
  B:00C8H.0       SYMBOL        T2XCLK
  C:023DH         SYMBOL        TABLE
  B:0098H.3       SYMBOL        TB80
  D:0088H         SYMBOL        TCON
  B:0088H.5       SYMBOL        TF0
  B:0088H.7       SYMBOL        TF1
  B:00C8H.7       SYMBOL        TF2H
  B:00C8H.6       SYMBOL        TF2L
  B:00C8H.5       SYMBOL        TF2LEN
  D:008CH         SYMBOL        TH0
  D:008DH         SYMBOL        TH1
  B:0098H.1       SYMBOL        TI0
  C:024AH         SYMBOL        TIMER_INIT
  D:008AH         SYMBOL        TL0
  D:008BH         SYMBOL        TL1
  D:0089H         SYMBOL        TMOD
  D:00C8H         SYMBOL        TMR2CN
  D:00CDH         SYMBOL        TMR2H
  D:00CCH         SYMBOL        TMR2L
  D:00CBH         SYMBOL        TMR2RLH
  D:00CAH         SYMBOL        TMR2RLL
  D:0091H         SYMBOL        TMR3CN
  D:0095H         SYMBOL        TMR3H
  D:0094H         SYMBOL        TMR3L
  D:0093H         SYMBOL        TMR3RLH
  D:0092H         SYMBOL        TMR3RLL
  B:0088H.4       SYMBOL        TR0
  B:0088H.6       SYMBOL        TR1
  B:00C8H.2       SYMBOL        TR2
  B:00F8H.1       SYMBOL        TXBMT
  B:00C0H.6       SYMBOL        TXMODE
  D:00FFH         SYMBOL        VDM0CN
  B:00F8H.6       SYMBOL        WCOL
  D:00E1H         SYMBOL        XBR0
  D:00E2H         SYMBOL        XBR1
  C:0000H         LINE#         11
  C:0003H         LINE#         13
  C:0100H         LINE#         15
  C:0102H         LINE#         27
  C:0105H         LINE#         28
  C:0108H         LINE#         29
  C:010BH         LINE#         30
BL51 BANKED LINKER/LOCATER V6.22.4.0                                                  05/28/2023  17:30:00  PAGE 5


  C:010DH         LINE#         31
  C:0110H         LINE#         32
  C:0112H         LINE#         33
  C:0114H         LINE#         34
  C:0200H         LINE#         38
  C:0202H         LINE#         39
  C:0205H         LINE#         40
  C:0207H         LINE#         41
  C:0209H         LINE#         42
  C:020CH         LINE#         43
  C:020EH         LINE#         44
  C:020FH         LINE#         47
  C:0211H         LINE#         48
  C:0214H         LINE#         49
  C:0217H         LINE#         50
  C:021AH         LINE#         51
  C:021CH         LINE#         52
  C:021FH         LINE#         53
  C:0221H         LINE#         54
  C:0223H         LINE#         55
  C:0225H         LINE#         56
  C:0226H         LINE#         59
  C:0228H         LINE#         60
  C:022BH         LINE#         63
  C:022EH         LINE#         64
  C:0231H         LINE#         65
  C:0233H         LINE#         66
  C:0236H         LINE#         67
  C:0238H         LINE#         68
  C:023AH         LINE#         69
  C:023CH         LINE#         70
  C:0243H         LINE#         78
  C:0246H         LINE#         79
  C:0249H         LINE#         80
  C:024AH         LINE#         83
  C:024DH         LINE#         84
  C:0250H         LINE#         85
  C:0251H         LINE#         110
  C:0254H         LINE#         111
  C:0255H         LINE#         114
  C:0258H         LINE#         115
  C:0259H         LINE#         118
  C:025CH         LINE#         119
  C:025DH         LINE#         123
  C:0260H         LINE#         124
  C:0263H         LINE#         125
  C:0266H         LINE#         126
  C:0269H         LINE#         127
  C:026CH         LINE#         128
  -------         ENDMOD        TEST3

******************************************************************************
* RESTRICTED VERSION WITH 0800H BYTE CODE SIZE LIMIT; USED: 0088H BYTE ( 6%) *
******************************************************************************

Program Size: data=8.0 xdata=0 code=621
LINK/LOCATE RUN COMPLETE.  0 WARNING(S),  0 ERROR(S)
